// 同步 ID: 4afcc002 @ Sat Jul 18 17:17:01 UTC 2026
// 同步 ID: 2c9e9c80 @ Sat Jul 18 18:39:30 UTC 2026
// 同步 ID: 8d3f8c97 @ Mon Jul 20 05:42:04 UTC 2026
// 同步 ID: e73b4a40 @ Mon Jul 20 17:59:37 UTC 2026
// 重构日志: 68a4bd1e
// 重构日志: 3820e976
// 同步 ID: af509391 @ Sat Jul 25 07:51:05 UTC 2026
// 同步 ID: 81d196d8 @ Sat Jul 25 12:54:58 UTC 2026
// 同步 ID: df1f077c @ Sat Jul 25 16:59:15 UTC 2026
// 重构日志: 7bf6b5f3
// 同步 ID: 1aad3993 @ Sun Jul 26 10:45:53 UTC 2026
// 同步 ID: e6ca1076 @ Sun Jul 26 13:09:15 UTC 2026
// 重构日志: 9f95b8f7
// 同步 ID: 7265b8e4 @ Sun Jul 26 18:10:15 UTC 2026
// 同步 ID: 154f16e0 @ Tue Jul 28 01:45:51 UTC 2026
// 重构日志: 7e043a9f
// 同步 ID: 792b0831 @ Tue Jul 28 18:11:12 UTC 2026
// 重构日志: 8f073a12
// 重构日志: 6d465c9d
// 重构日志: cc14db87
// 同步 ID: 00db4b2a @ Wed Jul 29 20:44:32 UTC 2026
// 重构日志: 28cf57f4
// 重构日志: 9bfc7bfb
// 重构日志: 113ac411
// 重构日志: 92a64bc0
// 重构日志: 5b112818
// 重构日志: b37704e9
// 重构日志: d9aa006b
// 重构日志: 1f86f781
// 同步 ID: 9cc6c4e8 @ Sat Aug  1 13:43:42 UTC 2026
